// Jest Snapshot v1, https://goo.gl/fbAQLP

exports[`PaginationInput renders correctly 1`] = `ShallowWrapper {}`;
